Fitter Route Stage Report for gemm_k8_original
Fri Apr 17 12:05:05 2026
Quartus Prime Version 19.2.0 Build 57 06/24/2019 Patches 0.01rc SJ Pro Edition


---------------------
; Table of Contents ;
---------------------
  1. Legal Notice
  2. Routing Usage Summary
  3. Route Messages



----------------
; Legal Notice ;
----------------
Copyright (C) 2019  Intel Corporation. All rights reserved.
Your use of Intel Corporation's design tools, logic functions 
and other software and tools, and any partner logic 
functions, and any output files from any of the foregoing 
(including device programming or simulation files), and any 
associated documentation or information are expressly subject 
to the terms and conditions of the Intel Program License 
Subscription Agreement, the Intel Quartus Prime License Agreement,
the Intel FPGA IP License Agreement, or other applicable license
agreement, including, without limitation, that your use is for
the sole purpose of programming logic devices manufactured by
Intel and sold by Intel or its authorized distributors.  Please
refer to the applicable agreement for further details, at
https://fpgasoftware.intel.com/eula.



+------------------------------------------------------------+
; Routing Usage Summary                                      ;
+------------------------------+-----------------------------+
; Routing Resource Type        ; Usage                       ;
+------------------------------+-----------------------------+
; Block interconnects          ; 1,395 / 3,375,986 ( < 1 % ) ;
; C27 interconnects            ; 1 / 56,741 ( < 1 % )        ;
; C4 interconnects             ; 769 / 2,570,048 ( < 1 % )   ;
; Direct links                 ; 212 / 3,375,986 ( < 1 % )   ;
; Global clocks                ; 1 / 32 ( 3 % )              ;
; Periphery clocks             ; 0 / 910 ( 0 % )             ;
; R3 interconnects             ; 502 / 1,214,760 ( < 1 % )   ;
; R32 interconnects            ; 0 / 99,472 ( 0 % )          ;
; R32/C27 interconnect drivers ; 1 / 385,136 ( < 1 % )       ;
; R6 interconnects             ; 1,041 / 2,336,152 ( < 1 % ) ;
; Regional clock lefts         ; 0 / 16 ( 0 % )              ;
; Regional clock out bottoms   ; 0 / 16 ( 0 % )              ;
; Regional clock out tops      ; 0 / 16 ( 0 % )              ;
; Regional clock rights        ; 0 / 16 ( 0 % )              ;
; Regional clocks              ; 0 / 16 ( 0 % )              ;
; Spine buffers                ; 1 / 704 ( < 1 % )           ;
; Spine clocks                 ; 1 / 1,056 ( < 1 % )         ;
; Spine feedthroughs           ; 0 / 1,024 ( 0 % )           ;
+------------------------------+-----------------------------+


+----------------+
; Route Messages ;
+----------------+
Info: *******************************************************************
Info: Running Quartus Prime Fitter
    Info: Version 19.2.0 Build 57 06/24/2019 Patches 0.01rc SJ Pro Edition
    Info: Processing started: Fri Apr 17 11:54:44 2026
Info: Command: quartus_fit --read_settings_files=on --write_settings_files=off gemm_k8_original -c gemm_k8_original
Info: qfit2_default_script.tcl version: #1
Info: Project  = gemm_k8_original
Info: Revision = gemm_k8_original
Info (170193): Fitter routing operations beginning
Info (11888): Total time spent on timing analysis during Routing is 0.09 seconds.
Info (16607): Fitter routing operations ending: elapsed time is 00:01:34


