Timing Analyzer report for conv3x3_latency_under_dsp
Fri Apr 17 11:14:43 2026
Quartus Prime Version 19.2.0 Build 57 06/24/2019 Patches 0.01rc SJ Pro Edition


---------------------
; Table of Contents ;
---------------------
  1. Legal Notice
  2. Timing Analyzer Summary
  3. Timing Delays: Final Snapshot
  4. Parallel Compilation
  5. SDC File List
  6. Clocks
  7. Slow 900mV 100C Model Fmax Summary
  8. Timing Closure Recommendations
  9. Slow 900mV 100C Model Setup Summary
 10. Slow 900mV 100C Model Hold Summary
 11. Slow 900mV 100C Model Recovery Summary
 12. Slow 900mV 100C Model Removal Summary
 13. Slow 900mV 100C Model Minimum Pulse Width Summary
 14. Slow 900mV 100C Model Metastability Summary
 15. Slow 900mV 0C Model Fmax Summary
 16. Slow 900mV 0C Model Setup Summary
 17. Slow 900mV 0C Model Hold Summary
 18. Slow 900mV 0C Model Recovery Summary
 19. Slow 900mV 0C Model Removal Summary
 20. Slow 900mV 0C Model Minimum Pulse Width Summary
 21. Slow 900mV 0C Model Metastability Summary
 22. Fast 900mV 100C Model Setup Summary
 23. Fast 900mV 100C Model Hold Summary
 24. Fast 900mV 100C Model Recovery Summary
 25. Fast 900mV 100C Model Removal Summary
 26. Fast 900mV 100C Model Minimum Pulse Width Summary
 27. Fast 900mV 100C Model Metastability Summary
 28. Fast 900mV 0C Model Setup Summary
 29. Fast 900mV 0C Model Hold Summary
 30. Fast 900mV 0C Model Recovery Summary
 31. Fast 900mV 0C Model Removal Summary
 32. Fast 900mV 0C Model Minimum Pulse Width Summary
 33. Fast 900mV 0C Model Metastability Summary
 34. Multicorner Timing Analysis Summary
 35. Board Trace Model Assignments
 36. Input Transition Times
 37. Signal Integrity Metrics (Slow 900mv 100c Model)
 38. Signal Integrity Metrics (Fast 900mv 0c Model)
 39. Setup Transfers
 40. Hold Transfers
 41. Timing Analyzer Messages
 42. Unconstrained Paths Summary
 43. Clock Status Summary
 44. Unconstrained Input Ports
 45. Unconstrained Output Ports
 46. Unconstrained Input Ports
 47. Unconstrained Output Ports



----------------
; Legal Notice ;
----------------
Copyright (C) 2019  Intel Corporation. All rights reserved.
Your use of Intel Corporation's design tools, logic functions 
and other software and tools, and any partner logic 
functions, and any output files from any of the foregoing 
(including device programming or simulation files), and any 
associated documentation or information are expressly subject 
to the terms and conditions of the Intel Program License 
Subscription Agreement, the Intel Quartus Prime License Agreement,
the Intel FPGA IP License Agreement, or other applicable license
agreement, including, without limitation, that your use is for
the sole purpose of programming logic devices manufactured by
Intel and sold by Intel or its authorized distributors.  Please
refer to the applicable agreement for further details, at
https://fpgasoftware.intel.com/eula.



+------------------------------------------------------------------------------------------+
; Timing Analyzer Summary                                                                  ;
+-----------------------+------------------------------------------------------------------+
; Quartus Prime Version ; Version 19.2.0 Build 57 06/24/2019 Patches 0.01rc SJ Pro Edition ;
; Timing Analyzer       ; Timing Analyzer                                                  ;
; Revision Name         ; conv3x3_latency_under_dsp                                        ;
; Device Family         ; Arria 10                                                         ;
; Device Name           ; 10AX090H1F34E1SG                                                 ;
; Snapshot              ; final                                                            ;
; Timing Models         ; Final                                                            ;
; Delay Model           ; Combined                                                         ;
; Rise/Fall Delays      ; Enabled                                                          ;
+-----------------------+------------------------------------------------------------------+


+---------------------------------------------+
; Timing Delays: Final Snapshot               ;
+----------------------------------+----------+
; Snapshot                         ; final    ;
; Periphery block cell delays      ; Sign-off ;
; Core block cell delays           ; Sign-off ;
; Routing interconnect (IC) delays ; Sign-off ;
+----------------------------------+----------+


+-------------------------------------+
; Parallel Compilation                ;
+----------------------------+--------+
; Processors                 ; Number ;
+----------------------------+--------+
; Number detected on machine ; 72     ;
; Maximum allowed            ; 16     ;
; Maximum used               ; 16     ;
+----------------------------+--------+


+------------------------------------------------------------------------------------------------+
; SDC File List                                                                                  ;
+-------------------------------+----------+--------+--------------------------+-----------------+
; SDC File Path                 ; Instance ; Status ; Read at                  ; Processing Time ;
+-------------------------------+----------+--------+--------------------------+-----------------+
; conv3x3_latency_under_dsp.sdc ;          ; OK     ; Fri Apr 17 11:14:43 2026 ; 00:00:00        ;
+-------------------------------+----------+--------+--------------------------+-----------------+
Note: All paths for non-entity SDC files are reported relative to the project directory (/home/aseife2/seer_optimizer/outputs/rtl_validation/quartus/conv3x3_latency_under_dsp/).


+--------------------------------------------------------------------------------------------------------------------------------------------------------------------------------+
; Clocks                                                                                                                                                                         ;
+------------+------+--------+-----------+-------+-------+------------+-----------+-------------+-------+--------+-----------+------------+----------+--------+--------+---------+
; Clock Name ; Type ; Period ; Frequency ; Rise  ; Fall  ; Duty Cycle ; Divide by ; Multiply by ; Phase ; Offset ; Edge List ; Edge Shift ; Inverted ; Master ; Source ; Targets ;
+------------+------+--------+-----------+-------+-------+------------+-----------+-------------+-------+--------+-----------+------------+----------+--------+--------+---------+
; clk        ; Base ; 2.000  ; 500.0 MHz ; 0.000 ; 1.000 ;            ;           ;             ;       ;        ;           ;            ;          ;        ;        ; { clk } ;
+------------+------+--------+-----------+-------+-------+------------+-----------+-------------+-------+--------+-----------+------------+----------+--------+--------+---------+


+-----------------------------------------------------------------------------------------+
; Slow 900mV 100C Model Fmax Summary                                                      ;
+-------------+-----------------+------------+--------------------------------------------+
; Fmax        ; Restricted Fmax ; Clock Name ; Note                                       ;
+-------------+-----------------+------------+--------------------------------------------+
; 1447.18 MHz ; 645.16 MHz      ; clk        ; limit due to minimum pulse width violation ;
+-------------+-----------------+------------+--------------------------------------------+
This panel reports FMAX for every clock in the design, regardless of the user-specified clock periods.  FMAX is only computed for paths where the source and destination registers or ports are driven by the same clock.  Paths of different clocks, including generated clocks, are ignored.  For paths between a clock and its inversion, FMAX is computed as if the rising and falling edges are scaled along with FMAX, such that the duty cycle (in terms of a percentage) is maintained. Intel recommends that you always use clock constraints and other slack reports for sign-off analysis.


----------------------------------
; Timing Closure Recommendations ;
----------------------------------
HTML report is unavailable in plain text report export.


+-------------------------------------+
; Slow 900mV 100C Model Setup Summary ;
+-------+-------+---------------------+
; Clock ; Slack ; End Point TNS       ;
+-------+-------+---------------------+
; clk   ; 1.309 ; 0.000               ;
+-------+-------+---------------------+


+------------------------------------+
; Slow 900mV 100C Model Hold Summary ;
+-------+-------+--------------------+
; Clock ; Slack ; End Point TNS      ;
+-------+-------+--------------------+
; clk   ; 0.140 ; 0.000              ;
+-------+-------+--------------------+


------------------------------------------
; Slow 900mV 100C Model Recovery Summary ;
------------------------------------------
No paths to report.


-----------------------------------------
; Slow 900mV 100C Model Removal Summary ;
-----------------------------------------
No paths to report.


+---------------------------------------------------+
; Slow 900mV 100C Model Minimum Pulse Width Summary ;
+-------+-------+-----------------------------------+
; Clock ; Slack ; End Point TNS                     ;
+-------+-------+-----------------------------------+
; clk   ; 0.450 ; 0.000                             ;
+-------+-------+-----------------------------------+


-----------------------------------------------
; Slow 900mV 100C Model Metastability Summary ;
-----------------------------------------------
No synchronizer chains to report.


+-----------------------------------------------------------------------------------------+
; Slow 900mV 0C Model Fmax Summary                                                        ;
+-------------+-----------------+------------+--------------------------------------------+
; Fmax        ; Restricted Fmax ; Clock Name ; Note                                       ;
+-------------+-----------------+------------+--------------------------------------------+
; 1497.01 MHz ; 645.16 MHz      ; clk        ; limit due to minimum pulse width violation ;
+-------------+-----------------+------------+--------------------------------------------+
This panel reports FMAX for every clock in the design, regardless of the user-specified clock periods.  FMAX is only computed for paths where the source and destination registers or ports are driven by the same clock.  Paths of different clocks, including generated clocks, are ignored.  For paths between a clock and its inversion, FMAX is computed as if the rising and falling edges are scaled along with FMAX, such that the duty cycle (in terms of a percentage) is maintained. Intel recommends that you always use clock constraints and other slack reports for sign-off analysis.


+-----------------------------------+
; Slow 900mV 0C Model Setup Summary ;
+-------+-------+-------------------+
; Clock ; Slack ; End Point TNS     ;
+-------+-------+-------------------+
; clk   ; 1.332 ; 0.000             ;
+-------+-------+-------------------+


+----------------------------------+
; Slow 900mV 0C Model Hold Summary ;
+-------+-------+------------------+
; Clock ; Slack ; End Point TNS    ;
+-------+-------+------------------+
; clk   ; 0.106 ; 0.000            ;
+-------+-------+------------------+


----------------------------------------
; Slow 900mV 0C Model Recovery Summary ;
----------------------------------------
No paths to report.


---------------------------------------
; Slow 900mV 0C Model Removal Summary ;
---------------------------------------
No paths to report.


+-------------------------------------------------+
; Slow 900mV 0C Model Minimum Pulse Width Summary ;
+-------+-------+---------------------------------+
; Clock ; Slack ; End Point TNS                   ;
+-------+-------+---------------------------------+
; clk   ; 0.450 ; 0.000                           ;
+-------+-------+---------------------------------+


---------------------------------------------
; Slow 900mV 0C Model Metastability Summary ;
---------------------------------------------
No synchronizer chains to report.


+-------------------------------------+
; Fast 900mV 100C Model Setup Summary ;
+-------+-------+---------------------+
; Clock ; Slack ; End Point TNS       ;
+-------+-------+---------------------+
; clk   ; 1.558 ; 0.000               ;
+-------+-------+---------------------+


+------------------------------------+
; Fast 900mV 100C Model Hold Summary ;
+-------+-------+--------------------+
; Clock ; Slack ; End Point TNS      ;
+-------+-------+--------------------+
; clk   ; 0.115 ; 0.000              ;
+-------+-------+--------------------+


------------------------------------------
; Fast 900mV 100C Model Recovery Summary ;
------------------------------------------
No paths to report.


-----------------------------------------
; Fast 900mV 100C Model Removal Summary ;
-----------------------------------------
No paths to report.


+---------------------------------------------------+
; Fast 900mV 100C Model Minimum Pulse Width Summary ;
+-------+-------+-----------------------------------+
; Clock ; Slack ; End Point TNS                     ;
+-------+-------+-----------------------------------+
; clk   ; 0.450 ; 0.000                             ;
+-------+-------+-----------------------------------+


-----------------------------------------------
; Fast 900mV 100C Model Metastability Summary ;
-----------------------------------------------
No synchronizer chains to report.


+-----------------------------------+
; Fast 900mV 0C Model Setup Summary ;
+-------+-------+-------------------+
; Clock ; Slack ; End Point TNS     ;
+-------+-------+-------------------+
; clk   ; 1.631 ; 0.000             ;
+-------+-------+-------------------+


+----------------------------------+
; Fast 900mV 0C Model Hold Summary ;
+-------+-------+------------------+
; Clock ; Slack ; End Point TNS    ;
+-------+-------+------------------+
; clk   ; 0.086 ; 0.000            ;
+-------+-------+------------------+


----------------------------------------
; Fast 900mV 0C Model Recovery Summary ;
----------------------------------------
No paths to report.


---------------------------------------
; Fast 900mV 0C Model Removal Summary ;
---------------------------------------
No paths to report.


+-------------------------------------------------+
; Fast 900mV 0C Model Minimum Pulse Width Summary ;
+-------+-------+---------------------------------+
; Clock ; Slack ; End Point TNS                   ;
+-------+-------+---------------------------------+
; clk   ; 0.450 ; 0.000                           ;
+-------+-------+---------------------------------+


---------------------------------------------
; Fast 900mV 0C Model Metastability Summary ;
---------------------------------------------
No synchronizer chains to report.


+-----------------------------------------------------------------------------+
; Multicorner Timing Analysis Summary                                         ;
+------------------+-------+-------+----------+---------+---------------------+
; Clock            ; Setup ; Hold  ; Recovery ; Removal ; Minimum Pulse Width ;
+------------------+-------+-------+----------+---------+---------------------+
; Worst-case Slack ; 1.309 ; 0.086 ; N/A      ; N/A     ; 0.450               ;
;  clk             ; 1.309 ; 0.086 ; N/A      ; N/A     ; 0.450               ;
; Design-wide TNS  ; 0.0   ; 0.0   ; 0.0      ; 0.0     ; 0.0                 ;
;  clk             ; 0.000 ; 0.000 ; N/A      ; N/A     ; 0.000               ;
+------------------+-------+-------+----------+---------+---------------------+


+--------------------------------------------------------------------------------------------------------------------------------------------------------------------------------------------------------------------------------------------------------------------------------------------------------------------------------------------------------------------------------------------------------+
; Board Trace Model Assignments                                                                                                                                                                                                                                                                                                                                                                          ;
+-----+--------------+-------------------+-------------------------+-------------------------+---------------+---------------------+----------------+------------------+--------+------------------+------------------------+------------------------+--------------+---------------+-----------------+-------+---------------------+--------------------+---------------+-----------------+-------------+
; Pin ; I/O Standard ; Near Tline Length ; Near Tline L per Length ; Near Tline C per Length ; Near Series R ; Near Differential R ; Near Pull-up R ; Near Pull-down R ; Near C ; Far Tline Length ; Far Tline L per Length ; Far Tline C per Length ; Far Series R ; Far Pull-up R ; Far Pull-down R ; Far C ; Termination Voltage ; Far Differential R ; EBD File Name ; EBD Signal Name ; EBD Far-end ;
+-----+--------------+-------------------+-------------------------+-------------------------+---------------+---------------------+----------------+------------------+--------+------------------+------------------------+------------------------+--------------+---------------+-----------------+-------+---------------------+--------------------+---------------+-----------------+-------------+


+-------------------------------------------------------------------+
; Input Transition Times                                            ;
+----------------+--------------+-----------------+-----------------+
; Pin            ; I/O Standard ; 10-90 Rise Time ; 90-10 Fall Time ;
+----------------+--------------+-----------------+-----------------+
; ~ALTERA_DATA0~ ; 1.8 V        ; 1440 ps         ; 1440 ps         ;
+----------------+--------------+-----------------+-----------------+


+----------------------------------------------------------------------------------------------------------------------------------------------------------------------------------------------------------------------------------------------------------------------------------------------------------------------------------------------------------------------------------------------------------------------------------------------------------------------------------------------------------------------------------------------------------------------------------------------------------------------------------------------------------------------------------+
; Signal Integrity Metrics (Slow 900mv 100c Model)                                                                                                                                                                                                                                                                                                                                                                                                                                                                                                                                                                                                                                 ;
+-----+--------------+---------------------+---------------------+------------------------------+------------------------------+---------------------+---------------------+--------------------------------------+--------------------------------------+-----------------------------+-----------------------------+----------------------------+----------------------------+-----------------------------+-----------------------------+--------------------+--------------------+-------------------------------------+-------------------------------------+----------------------------+----------------------------+---------------------------+---------------------------+
; Pin ; I/O Standard ; Board Delay on Rise ; Board Delay on Fall ; Steady State Voh at FPGA Pin ; Steady State Vol at FPGA Pin ; Voh Max at FPGA Pin ; Vol Min at FPGA Pin ; Ringback Voltage on Rise at FPGA Pin ; Ringback Voltage on Fall at FPGA Pin ; 10-90 Rise Time at FPGA Pin ; 90-10 Fall Time at FPGA Pin ; Monotonic Rise at FPGA Pin ; Monotonic Fall at FPGA Pin ; Steady State Voh at Far-end ; Steady State Vol at Far-end ; Voh Max at Far-end ; Vol Min at Far-end ; Ringback Voltage on Rise at Far-end ; Ringback Voltage on Fall at Far-end ; 10-90 Rise Time at Far-end ; 90-10 Fall Time at Far-end ; Monotonic Rise at Far-end ; Monotonic Fall at Far-end ;
+-----+--------------+---------------------+---------------------+------------------------------+------------------------------+---------------------+---------------------+--------------------------------------+--------------------------------------+-----------------------------+-----------------------------+----------------------------+----------------------------+-----------------------------+-----------------------------+--------------------+--------------------+-------------------------------------+-------------------------------------+----------------------------+----------------------------+---------------------------+---------------------------+


+----------------------------------------------------------------------------------------------------------------------------------------------------------------------------------------------------------------------------------------------------------------------------------------------------------------------------------------------------------------------------------------------------------------------------------------------------------------------------------------------------------------------------------------------------------------------------------------------------------------------------------------------------------------------------------+
; Signal Integrity Metrics (Fast 900mv 0c Model)                                                                                                                                                                                                                                                                                                                                                                                                                                                                                                                                                                                                                                   ;
+-----+--------------+---------------------+---------------------+------------------------------+------------------------------+---------------------+---------------------+--------------------------------------+--------------------------------------+-----------------------------+-----------------------------+----------------------------+----------------------------+-----------------------------+-----------------------------+--------------------+--------------------+-------------------------------------+-------------------------------------+----------------------------+----------------------------+---------------------------+---------------------------+
; Pin ; I/O Standard ; Board Delay on Rise ; Board Delay on Fall ; Steady State Voh at FPGA Pin ; Steady State Vol at FPGA Pin ; Voh Max at FPGA Pin ; Vol Min at FPGA Pin ; Ringback Voltage on Rise at FPGA Pin ; Ringback Voltage on Fall at FPGA Pin ; 10-90 Rise Time at FPGA Pin ; 90-10 Fall Time at FPGA Pin ; Monotonic Rise at FPGA Pin ; Monotonic Fall at FPGA Pin ; Steady State Voh at Far-end ; Steady State Vol at Far-end ; Voh Max at Far-end ; Vol Min at Far-end ; Ringback Voltage on Rise at Far-end ; Ringback Voltage on Fall at Far-end ; 10-90 Rise Time at Far-end ; 90-10 Fall Time at Far-end ; Monotonic Rise at Far-end ; Monotonic Fall at Far-end ;
+-----+--------------+---------------------+---------------------+------------------------------+------------------------------+---------------------+---------------------+--------------------------------------+--------------------------------------+-----------------------------+-----------------------------+----------------------------+----------------------------+-----------------------------+-----------------------------+--------------------+--------------------+-------------------------------------+-------------------------------------+----------------------------+----------------------------+---------------------------+---------------------------+


+-------------------------------------------------------------------+
; Setup Transfers                                                   ;
+------------+----------+----------+----------+----------+----------+
; From Clock ; To Clock ; RR Paths ; FR Paths ; RF Paths ; FF Paths ;
+------------+----------+----------+----------+----------+----------+
; clk        ; clk      ; 32       ; 0        ; 0        ; 0        ;
+------------+----------+----------+----------+----------+----------+
Entries labeled "false path" only account for clock-to-clock false paths and not path-based false paths. As a result, actual path counts may be lower than reported.


+-------------------------------------------------------------------+
; Hold Transfers                                                    ;
+------------+----------+----------+----------+----------+----------+
; From Clock ; To Clock ; RR Paths ; FR Paths ; RF Paths ; FF Paths ;
+------------+----------+----------+----------+----------+----------+
; clk        ; clk      ; 32       ; 0        ; 0        ; 0        ;
+------------+----------+----------+----------+----------+----------+
Entries labeled "false path" only account for clock-to-clock false paths and not path-based false paths. As a result, actual path counts may be lower than reported.


+--------------------------+
; Timing Analyzer Messages ;
+--------------------------+
Info: *******************************************************************
Info: Running Quartus Prime Timing Analyzer
    Info: Version 19.2.0 Build 57 06/24/2019 Patches 0.01rc SJ Pro Edition
    Info: Processing started: Fri Apr 17 11:14:34 2026
Info: Command: quartus_sta conv3x3_latency_under_dsp -c conv3x3_latency_under_dsp --mode=finalize
Info: qsta_default_script.tcl version: #1
Info (16677): Loading final database
Info (16734): Loading "final" snapshot for partition "root_partition".
Info (16678): Successfully loaded final database: elapsed time is 00:00:03
Info (20030): Parallel compilation is enabled and will use 16 of the 36 processors detected
Info (21076): Core supply voltage operating condition is not set. Assuming a default value of '0.9V'.
Info (21076): High junction temperature operating condition is not set. Assuming a default value of '100'.
Info (21076): Low junction temperature operating condition is not set. Assuming a default value of '0'.
Info (19539): Reading the HDL-embedded SDC files elapsed 00:00:00.
Info (332104): Reading SDC File: 'conv3x3_latency_under_dsp.sdc'
Info (19449): Reading SDC files elapsed 00:00:00.
Info (332143): No user constrained clock uncertainty found in the design. Calling "derive_clock_uncertainty"
Info (332123): Deriving Clock Uncertainty. Please refer to report_sdc in the Timing Analyzer to see clock uncertainties.
Info: Found TIMING_ANALYZER_REPORT_SCRIPT_INCLUDE_DEFAULT_ANALYSIS = ON
Info: Analyzing Slow 900mV 100C Model
Info (332146): Worst-case setup slack is 1.309
    Info (332119):     Slack       End Point TNS Clock 
    Info (332119): ========= =================== =====================
    Info (332119):     1.309               0.000 clk 
Info (332146): Worst-case hold slack is 0.140
    Info (332119):     Slack       End Point TNS Clock 
    Info (332119): ========= =================== =====================
    Info (332119):     0.140               0.000 clk 
Info (332140): No Recovery paths to report
Info (332140): No Removal paths to report
Info (332146): Worst-case minimum pulse width slack is 0.450
    Info (332119):     Slack       End Point TNS Clock 
    Info (332119): ========= =================== =====================
    Info (332119):     0.450               0.000 clk 
Info: Analyzing Slow 900mV 0C Model
Info (332146): Worst-case setup slack is 1.332
    Info (332119):     Slack       End Point TNS Clock 
    Info (332119): ========= =================== =====================
    Info (332119):     1.332               0.000 clk 
Info (332146): Worst-case hold slack is 0.106
    Info (332119):     Slack       End Point TNS Clock 
    Info (332119): ========= =================== =====================
    Info (332119):     0.106               0.000 clk 
Info (332140): No Recovery paths to report
Info (332140): No Removal paths to report
Info (332146): Worst-case minimum pulse width slack is 0.450
    Info (332119):     Slack       End Point TNS Clock 
    Info (332119): ========= =================== =====================
    Info (332119):     0.450               0.000 clk 
Info: Analyzing Fast 900mV 100C Model
Info (332146): Worst-case setup slack is 1.558
    Info (332119):     Slack       End Point TNS Clock 
    Info (332119): ========= =================== =====================
    Info (332119):     1.558               0.000 clk 
Info (332146): Worst-case hold slack is 0.115
    Info (332119):     Slack       End Point TNS Clock 
    Info (332119): ========= =================== =====================
    Info (332119):     0.115               0.000 clk 
Info (332140): No Recovery paths to report
Info (332140): No Removal paths to report
Info (332146): Worst-case minimum pulse width slack is 0.450
    Info (332119):     Slack       End Point TNS Clock 
    Info (332119): ========= =================== =====================
    Info (332119):     0.450               0.000 clk 
Info: Analyzing Fast 900mV 0C Model
Info (332146): Worst-case setup slack is 1.631
    Info (332119):     Slack       End Point TNS Clock 
    Info (332119): ========= =================== =====================
    Info (332119):     1.631               0.000 clk 
Info (332146): Worst-case hold slack is 0.086
    Info (332119):     Slack       End Point TNS Clock 
    Info (332119): ========= =================== =====================
    Info (332119):     0.086               0.000 clk 
Info (332140): No Recovery paths to report
Info (332140): No Removal paths to report
Info (332146): Worst-case minimum pulse width slack is 0.450
    Info (332119):     Slack       End Point TNS Clock 
    Info (332119): ========= =================== =====================
    Info (332119):     0.450               0.000 clk 
Info (332102): Design is not fully constrained for setup requirements
Info (332102): Design is not fully constrained for hold requirements
Info: Quartus Prime Timing Analyzer was successful. 0 errors, 0 warnings
    Info: Peak virtual memory: 4399 megabytes
    Info: Processing ended: Fri Apr 17 11:14:44 2026
    Info: Elapsed time: 00:00:10


+------------------------------------------------+
; Unconstrained Paths Summary                    ;
+---------------------------------+-------+------+
; Property                        ; Setup ; Hold ;
+---------------------------------+-------+------+
; Illegal Clocks                  ; 0     ; 0    ;
; Unconstrained Clocks            ; 0     ; 0    ;
; Unconstrained Input Ports       ; 284   ; 284  ;
; Unconstrained Input Port Paths  ; 4627  ; 4627 ;
; Unconstrained Output Ports      ; 33    ; 33   ;
; Unconstrained Output Port Paths ; 33    ; 33   ;
+---------------------------------+-------+------+


+-------------------------------------+
; Clock Status Summary                ;
+--------+-------+------+-------------+
; Target ; Clock ; Type ; Status      ;
+--------+-------+------+-------------+
; clk    ; clk   ; Base ; Constrained ;
+--------+-------+------+-------------+


+---------------------------------------------------------------------------------------------------+
; Unconstrained Input Ports                                                                         ;
+------------+--------------------------------------------------------------------------------------+
; Input Port ; Comment                                                                              ;
+------------+--------------------------------------------------------------------------------------+
; in_p00[0]  ; No input delay, min/max delays, false-path exceptions, or max skew assignments found ;
; in_p00[1]  ; No input delay, min/max delays, false-path exceptions, or max skew assignments found ;
; in_p00[2]  ; No input delay, min/max delays, false-path exceptions, or max skew assignments found ;
; in_p00[3]  ; No input delay, min/max delays, false-path exceptions, or max skew assignments found ;
; in_p00[4]  ; No input delay, min/max delays, false-path exceptions, or max skew assignments found ;
; in_p00[5]  ; No input delay, min/max delays, false-path exceptions, or max skew assignments found ;
; in_p00[6]  ; No input delay, min/max delays, false-path exceptions, or max skew assignments found ;
; in_p00[7]  ; No input delay, min/max delays, false-path exceptions, or max skew assignments found ;
; in_p00[8]  ; No input delay, min/max delays, false-path exceptions, or max skew assignments found ;
; in_p00[9]  ; No input delay, min/max delays, false-path exceptions, or max skew assignments found ;
; in_p00[10] ; No input delay, min/max delays, false-path exceptions, or max skew assignments found ;
; in_p00[11] ; No input delay, min/max delays, false-path exceptions, or max skew assignments found ;
; in_p00[12] ; No input delay, min/max delays, false-path exceptions, or max skew assignments found ;
; in_p00[13] ; No input delay, min/max delays, false-path exceptions, or max skew assignments found ;
; in_p00[14] ; No input delay, min/max delays, false-path exceptions, or max skew assignments found ;
; in_p00[15] ; No input delay, min/max delays, false-path exceptions, or max skew assignments found ;
; in_p00[16] ; No input delay, min/max delays, false-path exceptions, or max skew assignments found ;
; in_p00[17] ; No input delay, min/max delays, false-path exceptions, or max skew assignments found ;
; in_p00[18] ; No input delay, min/max delays, false-path exceptions, or max skew assignments found ;
; in_p00[19] ; No input delay, min/max delays, false-path exceptions, or max skew assignments found ;
; in_p00[20] ; No input delay, min/max delays, false-path exceptions, or max skew assignments found ;
; in_p00[21] ; No input delay, min/max delays, false-path exceptions, or max skew assignments found ;
; in_p00[22] ; No input delay, min/max delays, false-path exceptions, or max skew assignments found ;
; in_p00[23] ; No input delay, min/max delays, false-path exceptions, or max skew assignments found ;
; in_p00[24] ; No input delay, min/max delays, false-path exceptions, or max skew assignments found ;
; in_p00[25] ; No input delay, min/max delays, false-path exceptions, or max skew assignments found ;
; in_p00[26] ; No input delay, min/max delays, false-path exceptions, or max skew assignments found ;
; in_p00[27] ; No input delay, min/max delays, false-path exceptions, or max skew assignments found ;
; in_p00[28] ; No input delay, min/max delays, false-path exceptions, or max skew assignments found ;
; in_p00[29] ; No input delay, min/max delays, false-path exceptions, or max skew assignments found ;
; in_p00[30] ; No input delay, min/max delays, false-path exceptions, or max skew assignments found ;
; in_p00[31] ; No input delay, min/max delays, false-path exceptions, or max skew assignments found ;
; in_p01[0]  ; No input delay, min/max delays, false-path exceptions, or max skew assignments found ;
; in_p01[1]  ; No input delay, min/max delays, false-path exceptions, or max skew assignments found ;
; in_p01[2]  ; No input delay, min/max delays, false-path exceptions, or max skew assignments found ;
; in_p01[3]  ; No input delay, min/max delays, false-path exceptions, or max skew assignments found ;
; in_p01[4]  ; No input delay, min/max delays, false-path exceptions, or max skew assignments found ;
; in_p01[5]  ; No input delay, min/max delays, false-path exceptions, or max skew assignments found ;
; in_p01[6]  ; No input delay, min/max delays, false-path exceptions, or max skew assignments found ;
; in_p01[7]  ; No input delay, min/max delays, false-path exceptions, or max skew assignments found ;
; in_p01[8]  ; No input delay, min/max delays, false-path exceptions, or max skew assignments found ;
; in_p01[9]  ; No input delay, min/max delays, false-path exceptions, or max skew assignments found ;
; in_p01[10] ; No input delay, min/max delays, false-path exceptions, or max skew assignments found ;
; in_p01[11] ; No input delay, min/max delays, false-path exceptions, or max skew assignments found ;
; in_p01[12] ; No input delay, min/max delays, false-path exceptions, or max skew assignments found ;
; in_p01[13] ; No input delay, min/max delays, false-path exceptions, or max skew assignments found ;
; in_p01[14] ; No input delay, min/max delays, false-path exceptions, or max skew assignments found ;
; in_p01[15] ; No input delay, min/max delays, false-path exceptions, or max skew assignments found ;
; in_p01[16] ; No input delay, min/max delays, false-path exceptions, or max skew assignments found ;
; in_p01[17] ; No input delay, min/max delays, false-path exceptions, or max skew assignments found ;
; in_p01[18] ; No input delay, min/max delays, false-path exceptions, or max skew assignments found ;
; in_p01[19] ; No input delay, min/max delays, false-path exceptions, or max skew assignments found ;
; in_p01[20] ; No input delay, min/max delays, false-path exceptions, or max skew assignments found ;
; in_p01[21] ; No input delay, min/max delays, false-path exceptions, or max skew assignments found ;
; in_p01[22] ; No input delay, min/max delays, false-path exceptions, or max skew assignments found ;
; in_p01[23] ; No input delay, min/max delays, false-path exceptions, or max skew assignments found ;
; in_p01[24] ; No input delay, min/max delays, false-path exceptions, or max skew assignments found ;
; in_p01[25] ; No input delay, min/max delays, false-path exceptions, or max skew assignments found ;
; in_p01[26] ; No input delay, min/max delays, false-path exceptions, or max skew assignments found ;
; in_p01[27] ; No input delay, min/max delays, false-path exceptions, or max skew assignments found ;
; in_p01[28] ; No input delay, min/max delays, false-path exceptions, or max skew assignments found ;
; in_p01[29] ; No input delay, min/max delays, false-path exceptions, or max skew assignments found ;
; in_p01[30] ; No input delay, min/max delays, false-path exceptions, or max skew assignments found ;
; in_p02[0]  ; No input delay, min/max delays, false-path exceptions, or max skew assignments found ;
; in_p02[1]  ; No input delay, min/max delays, false-path exceptions, or max skew assignments found ;
; in_p02[2]  ; No input delay, min/max delays, false-path exceptions, or max skew assignments found ;
; in_p02[3]  ; No input delay, min/max delays, false-path exceptions, or max skew assignments found ;
; in_p02[4]  ; No input delay, min/max delays, false-path exceptions, or max skew assignments found ;
; in_p02[5]  ; No input delay, min/max delays, false-path exceptions, or max skew assignments found ;
; in_p02[6]  ; No input delay, min/max delays, false-path exceptions, or max skew assignments found ;
; in_p02[7]  ; No input delay, min/max delays, false-path exceptions, or max skew assignments found ;
; in_p02[8]  ; No input delay, min/max delays, false-path exceptions, or max skew assignments found ;
; in_p02[9]  ; No input delay, min/max delays, false-path exceptions, or max skew assignments found ;
; in_p02[10] ; No input delay, min/max delays, false-path exceptions, or max skew assignments found ;
; in_p02[11] ; No input delay, min/max delays, false-path exceptions, or max skew assignments found ;
; in_p02[12] ; No input delay, min/max delays, false-path exceptions, or max skew assignments found ;
; in_p02[13] ; No input delay, min/max delays, false-path exceptions, or max skew assignments found ;
; in_p02[14] ; No input delay, min/max delays, false-path exceptions, or max skew assignments found ;
; in_p02[15] ; No input delay, min/max delays, false-path exceptions, or max skew assignments found ;
; in_p02[16] ; No input delay, min/max delays, false-path exceptions, or max skew assignments found ;
; in_p02[17] ; No input delay, min/max delays, false-path exceptions, or max skew assignments found ;
; in_p02[18] ; No input delay, min/max delays, false-path exceptions, or max skew assignments found ;
; in_p02[19] ; No input delay, min/max delays, false-path exceptions, or max skew assignments found ;
; in_p02[20] ; No input delay, min/max delays, false-path exceptions, or max skew assignments found ;
; in_p02[21] ; No input delay, min/max delays, false-path exceptions, or max skew assignments found ;
; in_p02[22] ; No input delay, min/max delays, false-path exceptions, or max skew assignments found ;
; in_p02[23] ; No input delay, min/max delays, false-path exceptions, or max skew assignments found ;
; in_p02[24] ; No input delay, min/max delays, false-path exceptions, or max skew assignments found ;
; in_p02[25] ; No input delay, min/max delays, false-path exceptions, or max skew assignments found ;
; in_p02[26] ; No input delay, min/max delays, false-path exceptions, or max skew assignments found ;
; in_p02[27] ; No input delay, min/max delays, false-path exceptions, or max skew assignments found ;
; in_p02[28] ; No input delay, min/max delays, false-path exceptions, or max skew assignments found ;
; in_p02[29] ; No input delay, min/max delays, false-path exceptions, or max skew assignments found ;
; in_p02[30] ; No input delay, min/max delays, false-path exceptions, or max skew assignments found ;
; in_p02[31] ; No input delay, min/max delays, false-path exceptions, or max skew assignments found ;
; in_p10[0]  ; No input delay, min/max delays, false-path exceptions, or max skew assignments found ;
; in_p10[1]  ; No input delay, min/max delays, false-path exceptions, or max skew assignments found ;
; in_p10[2]  ; No input delay, min/max delays, false-path exceptions, or max skew assignments found ;
; in_p10[3]  ; No input delay, min/max delays, false-path exceptions, or max skew assignments found ;
; in_p10[4]  ; No input delay, min/max delays, false-path exceptions, or max skew assignments found ;
; in_p10[5]  ; No input delay, min/max delays, false-path exceptions, or max skew assignments found ;
; in_p10[6]  ; No input delay, min/max delays, false-path exceptions, or max skew assignments found ;
; in_p10[7]  ; No input delay, min/max delays, false-path exceptions, or max skew assignments found ;
; in_p10[8]  ; No input delay, min/max delays, false-path exceptions, or max skew assignments found ;
; in_p10[9]  ; No input delay, min/max delays, false-path exceptions, or max skew assignments found ;
; in_p10[10] ; No input delay, min/max delays, false-path exceptions, or max skew assignments found ;
; in_p10[11] ; No input delay, min/max delays, false-path exceptions, or max skew assignments found ;
; in_p10[12] ; No input delay, min/max delays, false-path exceptions, or max skew assignments found ;
; in_p10[13] ; No input delay, min/max delays, false-path exceptions, or max skew assignments found ;
; in_p10[14] ; No input delay, min/max delays, false-path exceptions, or max skew assignments found ;
; in_p10[15] ; No input delay, min/max delays, false-path exceptions, or max skew assignments found ;
; in_p10[16] ; No input delay, min/max delays, false-path exceptions, or max skew assignments found ;
; in_p10[17] ; No input delay, min/max delays, false-path exceptions, or max skew assignments found ;
; in_p10[18] ; No input delay, min/max delays, false-path exceptions, or max skew assignments found ;
; in_p10[19] ; No input delay, min/max delays, false-path exceptions, or max skew assignments found ;
; in_p10[20] ; No input delay, min/max delays, false-path exceptions, or max skew assignments found ;
; in_p10[21] ; No input delay, min/max delays, false-path exceptions, or max skew assignments found ;
; in_p10[22] ; No input delay, min/max delays, false-path exceptions, or max skew assignments found ;
; in_p10[23] ; No input delay, min/max delays, false-path exceptions, or max skew assignments found ;
; in_p10[24] ; No input delay, min/max delays, false-path exceptions, or max skew assignments found ;
; in_p10[25] ; No input delay, min/max delays, false-path exceptions, or max skew assignments found ;
; in_p10[26] ; No input delay, min/max delays, false-path exceptions, or max skew assignments found ;
; in_p10[27] ; No input delay, min/max delays, false-path exceptions, or max skew assignments found ;
; in_p10[28] ; No input delay, min/max delays, false-path exceptions, or max skew assignments found ;
; in_p10[29] ; No input delay, min/max delays, false-path exceptions, or max skew assignments found ;
; in_p10[30] ; No input delay, min/max delays, false-path exceptions, or max skew assignments found ;
; in_p11[0]  ; No input delay, min/max delays, false-path exceptions, or max skew assignments found ;
; in_p11[1]  ; No input delay, min/max delays, false-path exceptions, or max skew assignments found ;
; in_p11[2]  ; No input delay, min/max delays, false-path exceptions, or max skew assignments found ;
; in_p11[3]  ; No input delay, min/max delays, false-path exceptions, or max skew assignments found ;
; in_p11[4]  ; No input delay, min/max delays, false-path exceptions, or max skew assignments found ;
; in_p11[5]  ; No input delay, min/max delays, false-path exceptions, or max skew assignments found ;
; in_p11[6]  ; No input delay, min/max delays, false-path exceptions, or max skew assignments found ;
; in_p11[7]  ; No input delay, min/max delays, false-path exceptions, or max skew assignments found ;
; in_p11[8]  ; No input delay, min/max delays, false-path exceptions, or max skew assignments found ;
; in_p11[9]  ; No input delay, min/max delays, false-path exceptions, or max skew assignments found ;
; in_p11[10] ; No input delay, min/max delays, false-path exceptions, or max skew assignments found ;
; in_p11[11] ; No input delay, min/max delays, false-path exceptions, or max skew assignments found ;
; in_p11[12] ; No input delay, min/max delays, false-path exceptions, or max skew assignments found ;
; in_p11[13] ; No input delay, min/max delays, false-path exceptions, or max skew assignments found ;
; in_p11[14] ; No input delay, min/max delays, false-path exceptions, or max skew assignments found ;
; in_p11[15] ; No input delay, min/max delays, false-path exceptions, or max skew assignments found ;
; in_p11[16] ; No input delay, min/max delays, false-path exceptions, or max skew assignments found ;
; in_p11[17] ; No input delay, min/max delays, false-path exceptions, or max skew assignments found ;
; in_p11[18] ; No input delay, min/max delays, false-path exceptions, or max skew assignments found ;
; in_p11[19] ; No input delay, min/max delays, false-path exceptions, or max skew assignments found ;
; in_p11[20] ; No input delay, min/max delays, false-path exceptions, or max skew assignments found ;
; in_p11[21] ; No input delay, min/max delays, false-path exceptions, or max skew assignments found ;
; in_p11[22] ; No input delay, min/max delays, false-path exceptions, or max skew assignments found ;
; in_p11[23] ; No input delay, min/max delays, false-path exceptions, or max skew assignments found ;
; in_p11[24] ; No input delay, min/max delays, false-path exceptions, or max skew assignments found ;
; in_p11[25] ; No input delay, min/max delays, false-path exceptions, or max skew assignments found ;
; in_p11[26] ; No input delay, min/max delays, false-path exceptions, or max skew assignments found ;
; in_p11[27] ; No input delay, min/max delays, false-path exceptions, or max skew assignments found ;
; in_p11[28] ; No input delay, min/max delays, false-path exceptions, or max skew assignments found ;
; in_p11[29] ; No input delay, min/max delays, false-path exceptions, or max skew assignments found ;
; in_p12[0]  ; No input delay, min/max delays, false-path exceptions, or max skew assignments found ;
; in_p12[1]  ; No input delay, min/max delays, false-path exceptions, or max skew assignments found ;
; in_p12[2]  ; No input delay, min/max delays, false-path exceptions, or max skew assignments found ;
; in_p12[3]  ; No input delay, min/max delays, false-path exceptions, or max skew assignments found ;
; in_p12[4]  ; No input delay, min/max delays, false-path exceptions, or max skew assignments found ;
; in_p12[5]  ; No input delay, min/max delays, false-path exceptions, or max skew assignments found ;
; in_p12[6]  ; No input delay, min/max delays, false-path exceptions, or max skew assignments found ;
; in_p12[7]  ; No input delay, min/max delays, false-path exceptions, or max skew assignments found ;
; in_p12[8]  ; No input delay, min/max delays, false-path exceptions, or max skew assignments found ;
; in_p12[9]  ; No input delay, min/max delays, false-path exceptions, or max skew assignments found ;
; in_p12[10] ; No input delay, min/max delays, false-path exceptions, or max skew assignments found ;
; in_p12[11] ; No input delay, min/max delays, false-path exceptions, or max skew assignments found ;
; in_p12[12] ; No input delay, min/max delays, false-path exceptions, or max skew assignments found ;
; in_p12[13] ; No input delay, min/max delays, false-path exceptions, or max skew assignments found ;
; in_p12[14] ; No input delay, min/max delays, false-path exceptions, or max skew assignments found ;
; in_p12[15] ; No input delay, min/max delays, false-path exceptions, or max skew assignments found ;
; in_p12[16] ; No input delay, min/max delays, false-path exceptions, or max skew assignments found ;
; in_p12[17] ; No input delay, min/max delays, false-path exceptions, or max skew assignments found ;
; in_p12[18] ; No input delay, min/max delays, false-path exceptions, or max skew assignments found ;
; in_p12[19] ; No input delay, min/max delays, false-path exceptions, or max skew assignments found ;
; in_p12[20] ; No input delay, min/max delays, false-path exceptions, or max skew assignments found ;
; in_p12[21] ; No input delay, min/max delays, false-path exceptions, or max skew assignments found ;
; in_p12[22] ; No input delay, min/max delays, false-path exceptions, or max skew assignments found ;
; in_p12[23] ; No input delay, min/max delays, false-path exceptions, or max skew assignments found ;
; in_p12[24] ; No input delay, min/max delays, false-path exceptions, or max skew assignments found ;
; in_p12[25] ; No input delay, min/max delays, false-path exceptions, or max skew assignments found ;
; in_p12[26] ; No input delay, min/max delays, false-path exceptions, or max skew assignments found ;
; in_p12[27] ; No input delay, min/max delays, false-path exceptions, or max skew assignments found ;
; in_p12[28] ; No input delay, min/max delays, false-path exceptions, or max skew assignments found ;
; in_p12[29] ; No input delay, min/max delays, false-path exceptions, or max skew assignments found ;
; in_p12[30] ; No input delay, min/max delays, false-path exceptions, or max skew assignments found ;
; in_p20[0]  ; No input delay, min/max delays, false-path exceptions, or max skew assignments found ;
; in_p20[1]  ; No input delay, min/max delays, false-path exceptions, or max skew assignments found ;
; in_p20[2]  ; No input delay, min/max delays, false-path exceptions, or max skew assignments found ;
; in_p20[3]  ; No input delay, min/max delays, false-path exceptions, or max skew assignments found ;
; in_p20[4]  ; No input delay, min/max delays, false-path exceptions, or max skew assignments found ;
; in_p20[5]  ; No input delay, min/max delays, false-path exceptions, or max skew assignments found ;
; in_p20[6]  ; No input delay, min/max delays, false-path exceptions, or max skew assignments found ;
; in_p20[7]  ; No input delay, min/max delays, false-path exceptions, or max skew assignments found ;
; in_p20[8]  ; No input delay, min/max delays, false-path exceptions, or max skew assignments found ;
; in_p20[9]  ; No input delay, min/max delays, false-path exceptions, or max skew assignments found ;
; in_p20[10] ; No input delay, min/max delays, false-path exceptions, or max skew assignments found ;
; in_p20[11] ; No input delay, min/max delays, false-path exceptions, or max skew assignments found ;
; in_p20[12] ; No input delay, min/max delays, false-path exceptions, or max skew assignments found ;
; in_p20[13] ; No input delay, min/max delays, false-path exceptions, or max skew assignments found ;
; in_p20[14] ; No input delay, min/max delays, false-path exceptions, or max skew assignments found ;
; in_p20[15] ; No input delay, min/max delays, false-path exceptions, or max skew assignments found ;
; in_p20[16] ; No input delay, min/max delays, false-path exceptions, or max skew assignments found ;
; in_p20[17] ; No input delay, min/max delays, false-path exceptions, or max skew assignments found ;
; in_p20[18] ; No input delay, min/max delays, false-path exceptions, or max skew assignments found ;
; in_p20[19] ; No input delay, min/max delays, false-path exceptions, or max skew assignments found ;
; in_p20[20] ; No input delay, min/max delays, false-path exceptions, or max skew assignments found ;
; in_p20[21] ; No input delay, min/max delays, false-path exceptions, or max skew assignments found ;
; in_p20[22] ; No input delay, min/max delays, false-path exceptions, or max skew assignments found ;
; in_p20[23] ; No input delay, min/max delays, false-path exceptions, or max skew assignments found ;
; in_p20[24] ; No input delay, min/max delays, false-path exceptions, or max skew assignments found ;
; in_p20[25] ; No input delay, min/max delays, false-path exceptions, or max skew assignments found ;
; in_p20[26] ; No input delay, min/max delays, false-path exceptions, or max skew assignments found ;
; in_p20[27] ; No input delay, min/max delays, false-path exceptions, or max skew assignments found ;
; in_p20[28] ; No input delay, min/max delays, false-path exceptions, or max skew assignments found ;
; in_p20[29] ; No input delay, min/max delays, false-path exceptions, or max skew assignments found ;
; in_p20[30] ; No input delay, min/max delays, false-path exceptions, or max skew assignments found ;
; in_p20[31] ; No input delay, min/max delays, false-path exceptions, or max skew assignments found ;
; in_p21[0]  ; No input delay, min/max delays, false-path exceptions, or max skew assignments found ;
; in_p21[1]  ; No input delay, min/max delays, false-path exceptions, or max skew assignments found ;
; in_p21[2]  ; No input delay, min/max delays, false-path exceptions, or max skew assignments found ;
; in_p21[3]  ; No input delay, min/max delays, false-path exceptions, or max skew assignments found ;
; in_p21[4]  ; No input delay, min/max delays, false-path exceptions, or max skew assignments found ;
; in_p21[5]  ; No input delay, min/max delays, false-path exceptions, or max skew assignments found ;
; in_p21[6]  ; No input delay, min/max delays, false-path exceptions, or max skew assignments found ;
; in_p21[7]  ; No input delay, min/max delays, false-path exceptions, or max skew assignments found ;
; in_p21[8]  ; No input delay, min/max delays, false-path exceptions, or max skew assignments found ;
; in_p21[9]  ; No input delay, min/max delays, false-path exceptions, or max skew assignments found ;
; in_p21[10] ; No input delay, min/max delays, false-path exceptions, or max skew assignments found ;
; in_p21[11] ; No input delay, min/max delays, false-path exceptions, or max skew assignments found ;
; in_p21[12] ; No input delay, min/max delays, false-path exceptions, or max skew assignments found ;
; in_p21[13] ; No input delay, min/max delays, false-path exceptions, or max skew assignments found ;
; in_p21[14] ; No input delay, min/max delays, false-path exceptions, or max skew assignments found ;
; in_p21[15] ; No input delay, min/max delays, false-path exceptions, or max skew assignments found ;
; in_p21[16] ; No input delay, min/max delays, false-path exceptions, or max skew assignments found ;
; in_p21[17] ; No input delay, min/max delays, false-path exceptions, or max skew assignments found ;
; in_p21[18] ; No input delay, min/max delays, false-path exceptions, or max skew assignments found ;
; in_p21[19] ; No input delay, min/max delays, false-path exceptions, or max skew assignments found ;
; in_p21[20] ; No input delay, min/max delays, false-path exceptions, or max skew assignments found ;
; in_p21[21] ; No input delay, min/max delays, false-path exceptions, or max skew assignments found ;
; in_p21[22] ; No input delay, min/max delays, false-path exceptions, or max skew assignments found ;
; in_p21[23] ; No input delay, min/max delays, false-path exceptions, or max skew assignments found ;
; in_p21[24] ; No input delay, min/max delays, false-path exceptions, or max skew assignments found ;
; in_p21[25] ; No input delay, min/max delays, false-path exceptions, or max skew assignments found ;
; in_p21[26] ; No input delay, min/max delays, false-path exceptions, or max skew assignments found ;
; in_p21[27] ; No input delay, min/max delays, false-path exceptions, or max skew assignments found ;
; in_p21[28] ; No input delay, min/max delays, false-path exceptions, or max skew assignments found ;
; in_p21[29] ; No input delay, min/max delays, false-path exceptions, or max skew assignments found ;
; in_p21[30] ; No input delay, min/max delays, false-path exceptions, or max skew assignments found ;
; in_p22[0]  ; No input delay, min/max delays, false-path exceptions, or max skew assignments found ;
; in_p22[1]  ; No input delay, min/max delays, false-path exceptions, or max skew assignments found ;
; in_p22[2]  ; No input delay, min/max delays, false-path exceptions, or max skew assignments found ;
; in_p22[3]  ; No input delay, min/max delays, false-path exceptions, or max skew assignments found ;
; in_p22[4]  ; No input delay, min/max delays, false-path exceptions, or max skew assignments found ;
; in_p22[5]  ; No input delay, min/max delays, false-path exceptions, or max skew assignments found ;
; in_p22[6]  ; No input delay, min/max delays, false-path exceptions, or max skew assignments found ;
; in_p22[7]  ; No input delay, min/max delays, false-path exceptions, or max skew assignments found ;
; in_p22[8]  ; No input delay, min/max delays, false-path exceptions, or max skew assignments found ;
; in_p22[9]  ; No input delay, min/max delays, false-path exceptions, or max skew assignments found ;
; in_p22[10] ; No input delay, min/max delays, false-path exceptions, or max skew assignments found ;
; in_p22[11] ; No input delay, min/max delays, false-path exceptions, or max skew assignments found ;
; in_p22[12] ; No input delay, min/max delays, false-path exceptions, or max skew assignments found ;
; in_p22[13] ; No input delay, min/max delays, false-path exceptions, or max skew assignments found ;
; in_p22[14] ; No input delay, min/max delays, false-path exceptions, or max skew assignments found ;
; in_p22[15] ; No input delay, min/max delays, false-path exceptions, or max skew assignments found ;
; in_p22[16] ; No input delay, min/max delays, false-path exceptions, or max skew assignments found ;
; in_p22[17] ; No input delay, min/max delays, false-path exceptions, or max skew assignments found ;
; in_p22[18] ; No input delay, min/max delays, false-path exceptions, or max skew assignments found ;
; in_p22[19] ; No input delay, min/max delays, false-path exceptions, or max skew assignments found ;
; in_p22[20] ; No input delay, min/max delays, false-path exceptions, or max skew assignments found ;
; in_p22[21] ; No input delay, min/max delays, false-path exceptions, or max skew assignments found ;
; in_p22[22] ; No input delay, min/max delays, false-path exceptions, or max skew assignments found ;
; in_p22[23] ; No input delay, min/max delays, false-path exceptions, or max skew assignments found ;
; in_p22[24] ; No input delay, min/max delays, false-path exceptions, or max skew assignments found ;
; in_p22[25] ; No input delay, min/max delays, false-path exceptions, or max skew assignments found ;
; in_p22[26] ; No input delay, min/max delays, false-path exceptions, or max skew assignments found ;
; in_p22[27] ; No input delay, min/max delays, false-path exceptions, or max skew assignments found ;
; in_p22[28] ; No input delay, min/max delays, false-path exceptions, or max skew assignments found ;
; in_p22[29] ; No input delay, min/max delays, false-path exceptions, or max skew assignments found ;
; in_p22[30] ; No input delay, min/max delays, false-path exceptions, or max skew assignments found ;
; in_p22[31] ; No input delay, min/max delays, false-path exceptions, or max skew assignments found ;
; resetn     ; No input delay, min/max delays, false-path exceptions, or max skew assignments found ;
; valid_in   ; No input delay, min/max delays, false-path exceptions, or max skew assignments found ;
+------------+--------------------------------------------------------------------------------------+


+-----------------------------------------------------------------------------------------------------+
; Unconstrained Output Ports                                                                          ;
+-------------+---------------------------------------------------------------------------------------+
; Output Port ; Comment                                                                               ;
+-------------+---------------------------------------------------------------------------------------+
; out[0]      ; No output delay, min/max delays, false-path exceptions, or max skew assignments found ;
; out[1]      ; No output delay, min/max delays, false-path exceptions, or max skew assignments found ;
; out[2]      ; No output delay, min/max delays, false-path exceptions, or max skew assignments found ;
; out[3]      ; No output delay, min/max delays, false-path exceptions, or max skew assignments found ;
; out[4]      ; No output delay, min/max delays, false-path exceptions, or max skew assignments found ;
; out[5]      ; No output delay, min/max delays, false-path exceptions, or max skew assignments found ;
; out[6]      ; No output delay, min/max delays, false-path exceptions, or max skew assignments found ;
; out[7]      ; No output delay, min/max delays, false-path exceptions, or max skew assignments found ;
; out[8]      ; No output delay, min/max delays, false-path exceptions, or max skew assignments found ;
; out[9]      ; No output delay, min/max delays, false-path exceptions, or max skew assignments found ;
; out[10]     ; No output delay, min/max delays, false-path exceptions, or max skew assignments found ;
; out[11]     ; No output delay, min/max delays, false-path exceptions, or max skew assignments found ;
; out[12]     ; No output delay, min/max delays, false-path exceptions, or max skew assignments found ;
; out[13]     ; No output delay, min/max delays, false-path exceptions, or max skew assignments found ;
; out[14]     ; No output delay, min/max delays, false-path exceptions, or max skew assignments found ;
; out[15]     ; No output delay, min/max delays, false-path exceptions, or max skew assignments found ;
; out[16]     ; No output delay, min/max delays, false-path exceptions, or max skew assignments found ;
; out[17]     ; No output delay, min/max delays, false-path exceptions, or max skew assignments found ;
; out[18]     ; No output delay, min/max delays, false-path exceptions, or max skew assignments found ;
; out[19]     ; No output delay, min/max delays, false-path exceptions, or max skew assignments found ;
; out[20]     ; No output delay, min/max delays, false-path exceptions, or max skew assignments found ;
; out[21]     ; No output delay, min/max delays, false-path exceptions, or max skew assignments found ;
; out[22]     ; No output delay, min/max delays, false-path exceptions, or max skew assignments found ;
; out[23]     ; No output delay, min/max delays, false-path exceptions, or max skew assignments found ;
; out[24]     ; No output delay, min/max delays, false-path exceptions, or max skew assignments found ;
; out[25]     ; No output delay, min/max delays, false-path exceptions, or max skew assignments found ;
; out[26]     ; No output delay, min/max delays, false-path exceptions, or max skew assignments found ;
; out[27]     ; No output delay, min/max delays, false-path exceptions, or max skew assignments found ;
; out[28]     ; No output delay, min/max delays, false-path exceptions, or max skew assignments found ;
; out[29]     ; No output delay, min/max delays, false-path exceptions, or max skew assignments found ;
; out[30]     ; No output delay, min/max delays, false-path exceptions, or max skew assignments found ;
; out[31]     ; No output delay, min/max delays, false-path exceptions, or max skew assignments found ;
; valid_out   ; No output delay, min/max delays, false-path exceptions, or max skew assignments found ;
+-------------+---------------------------------------------------------------------------------------+


+---------------------------------------------------------------------------------------------------+
; Unconstrained Input Ports                                                                         ;
+------------+--------------------------------------------------------------------------------------+
; Input Port ; Comment                                                                              ;
+------------+--------------------------------------------------------------------------------------+
; in_p00[0]  ; No input delay, min/max delays, false-path exceptions, or max skew assignments found ;
; in_p00[1]  ; No input delay, min/max delays, false-path exceptions, or max skew assignments found ;
; in_p00[2]  ; No input delay, min/max delays, false-path exceptions, or max skew assignments found ;
; in_p00[3]  ; No input delay, min/max delays, false-path exceptions, or max skew assignments found ;
; in_p00[4]  ; No input delay, min/max delays, false-path exceptions, or max skew assignments found ;
; in_p00[5]  ; No input delay, min/max delays, false-path exceptions, or max skew assignments found ;
; in_p00[6]  ; No input delay, min/max delays, false-path exceptions, or max skew assignments found ;
; in_p00[7]  ; No input delay, min/max delays, false-path exceptions, or max skew assignments found ;
; in_p00[8]  ; No input delay, min/max delays, false-path exceptions, or max skew assignments found ;
; in_p00[9]  ; No input delay, min/max delays, false-path exceptions, or max skew assignments found ;
; in_p00[10] ; No input delay, min/max delays, false-path exceptions, or max skew assignments found ;
; in_p00[11] ; No input delay, min/max delays, false-path exceptions, or max skew assignments found ;
; in_p00[12] ; No input delay, min/max delays, false-path exceptions, or max skew assignments found ;
; in_p00[13] ; No input delay, min/max delays, false-path exceptions, or max skew assignments found ;
; in_p00[14] ; No input delay, min/max delays, false-path exceptions, or max skew assignments found ;
; in_p00[15] ; No input delay, min/max delays, false-path exceptions, or max skew assignments found ;
; in_p00[16] ; No input delay, min/max delays, false-path exceptions, or max skew assignments found ;
; in_p00[17] ; No input delay, min/max delays, false-path exceptions, or max skew assignments found ;
; in_p00[18] ; No input delay, min/max delays, false-path exceptions, or max skew assignments found ;
; in_p00[19] ; No input delay, min/max delays, false-path exceptions, or max skew assignments found ;
; in_p00[20] ; No input delay, min/max delays, false-path exceptions, or max skew assignments found ;
; in_p00[21] ; No input delay, min/max delays, false-path exceptions, or max skew assignments found ;
; in_p00[22] ; No input delay, min/max delays, false-path exceptions, or max skew assignments found ;
; in_p00[23] ; No input delay, min/max delays, false-path exceptions, or max skew assignments found ;
; in_p00[24] ; No input delay, min/max delays, false-path exceptions, or max skew assignments found ;
; in_p00[25] ; No input delay, min/max delays, false-path exceptions, or max skew assignments found ;
; in_p00[26] ; No input delay, min/max delays, false-path exceptions, or max skew assignments found ;
; in_p00[27] ; No input delay, min/max delays, false-path exceptions, or max skew assignments found ;
; in_p00[28] ; No input delay, min/max delays, false-path exceptions, or max skew assignments found ;
; in_p00[29] ; No input delay, min/max delays, false-path exceptions, or max skew assignments found ;
; in_p00[30] ; No input delay, min/max delays, false-path exceptions, or max skew assignments found ;
; in_p00[31] ; No input delay, min/max delays, false-path exceptions, or max skew assignments found ;
; in_p01[0]  ; No input delay, min/max delays, false-path exceptions, or max skew assignments found ;
; in_p01[1]  ; No input delay, min/max delays, false-path exceptions, or max skew assignments found ;
; in_p01[2]  ; No input delay, min/max delays, false-path exceptions, or max skew assignments found ;
; in_p01[3]  ; No input delay, min/max delays, false-path exceptions, or max skew assignments found ;
; in_p01[4]  ; No input delay, min/max delays, false-path exceptions, or max skew assignments found ;
; in_p01[5]  ; No input delay, min/max delays, false-path exceptions, or max skew assignments found ;
; in_p01[6]  ; No input delay, min/max delays, false-path exceptions, or max skew assignments found ;
; in_p01[7]  ; No input delay, min/max delays, false-path exceptions, or max skew assignments found ;
; in_p01[8]  ; No input delay, min/max delays, false-path exceptions, or max skew assignments found ;
; in_p01[9]  ; No input delay, min/max delays, false-path exceptions, or max skew assignments found ;
; in_p01[10] ; No input delay, min/max delays, false-path exceptions, or max skew assignments found ;
; in_p01[11] ; No input delay, min/max delays, false-path exceptions, or max skew assignments found ;
; in_p01[12] ; No input delay, min/max delays, false-path exceptions, or max skew assignments found ;
; in_p01[13] ; No input delay, min/max delays, false-path exceptions, or max skew assignments found ;
; in_p01[14] ; No input delay, min/max delays, false-path exceptions, or max skew assignments found ;
; in_p01[15] ; No input delay, min/max delays, false-path exceptions, or max skew assignments found ;
; in_p01[16] ; No input delay, min/max delays, false-path exceptions, or max skew assignments found ;
; in_p01[17] ; No input delay, min/max delays, false-path exceptions, or max skew assignments found ;
; in_p01[18] ; No input delay, min/max delays, false-path exceptions, or max skew assignments found ;
; in_p01[19] ; No input delay, min/max delays, false-path exceptions, or max skew assignments found ;
; in_p01[20] ; No input delay, min/max delays, false-path exceptions, or max skew assignments found ;
; in_p01[21] ; No input delay, min/max delays, false-path exceptions, or max skew assignments found ;
; in_p01[22] ; No input delay, min/max delays, false-path exceptions, or max skew assignments found ;
; in_p01[23] ; No input delay, min/max delays, false-path exceptions, or max skew assignments found ;
; in_p01[24] ; No input delay, min/max delays, false-path exceptions, or max skew assignments found ;
; in_p01[25] ; No input delay, min/max delays, false-path exceptions, or max skew assignments found ;
; in_p01[26] ; No input delay, min/max delays, false-path exceptions, or max skew assignments found ;
; in_p01[27] ; No input delay, min/max delays, false-path exceptions, or max skew assignments found ;
; in_p01[28] ; No input delay, min/max delays, false-path exceptions, or max skew assignments found ;
; in_p01[29] ; No input delay, min/max delays, false-path exceptions, or max skew assignments found ;
; in_p01[30] ; No input delay, min/max delays, false-path exceptions, or max skew assignments found ;
; in_p02[0]  ; No input delay, min/max delays, false-path exceptions, or max skew assignments found ;
; in_p02[1]  ; No input delay, min/max delays, false-path exceptions, or max skew assignments found ;
; in_p02[2]  ; No input delay, min/max delays, false-path exceptions, or max skew assignments found ;
; in_p02[3]  ; No input delay, min/max delays, false-path exceptions, or max skew assignments found ;
; in_p02[4]  ; No input delay, min/max delays, false-path exceptions, or max skew assignments found ;
; in_p02[5]  ; No input delay, min/max delays, false-path exceptions, or max skew assignments found ;
; in_p02[6]  ; No input delay, min/max delays, false-path exceptions, or max skew assignments found ;
; in_p02[7]  ; No input delay, min/max delays, false-path exceptions, or max skew assignments found ;
; in_p02[8]  ; No input delay, min/max delays, false-path exceptions, or max skew assignments found ;
; in_p02[9]  ; No input delay, min/max delays, false-path exceptions, or max skew assignments found ;
; in_p02[10] ; No input delay, min/max delays, false-path exceptions, or max skew assignments found ;
; in_p02[11] ; No input delay, min/max delays, false-path exceptions, or max skew assignments found ;
; in_p02[12] ; No input delay, min/max delays, false-path exceptions, or max skew assignments found ;
; in_p02[13] ; No input delay, min/max delays, false-path exceptions, or max skew assignments found ;
; in_p02[14] ; No input delay, min/max delays, false-path exceptions, or max skew assignments found ;
; in_p02[15] ; No input delay, min/max delays, false-path exceptions, or max skew assignments found ;
; in_p02[16] ; No input delay, min/max delays, false-path exceptions, or max skew assignments found ;
; in_p02[17] ; No input delay, min/max delays, false-path exceptions, or max skew assignments found ;
; in_p02[18] ; No input delay, min/max delays, false-path exceptions, or max skew assignments found ;
; in_p02[19] ; No input delay, min/max delays, false-path exceptions, or max skew assignments found ;
; in_p02[20] ; No input delay, min/max delays, false-path exceptions, or max skew assignments found ;
; in_p02[21] ; No input delay, min/max delays, false-path exceptions, or max skew assignments found ;
; in_p02[22] ; No input delay, min/max delays, false-path exceptions, or max skew assignments found ;
; in_p02[23] ; No input delay, min/max delays, false-path exceptions, or max skew assignments found ;
; in_p02[24] ; No input delay, min/max delays, false-path exceptions, or max skew assignments found ;
; in_p02[25] ; No input delay, min/max delays, false-path exceptions, or max skew assignments found ;
; in_p02[26] ; No input delay, min/max delays, false-path exceptions, or max skew assignments found ;
; in_p02[27] ; No input delay, min/max delays, false-path exceptions, or max skew assignments found ;
; in_p02[28] ; No input delay, min/max delays, false-path exceptions, or max skew assignments found ;
; in_p02[29] ; No input delay, min/max delays, false-path exceptions, or max skew assignments found ;
; in_p02[30] ; No input delay, min/max delays, false-path exceptions, or max skew assignments found ;
; in_p02[31] ; No input delay, min/max delays, false-path exceptions, or max skew assignments found ;
; in_p10[0]  ; No input delay, min/max delays, false-path exceptions, or max skew assignments found ;
; in_p10[1]  ; No input delay, min/max delays, false-path exceptions, or max skew assignments found ;
; in_p10[2]  ; No input delay, min/max delays, false-path exceptions, or max skew assignments found ;
; in_p10[3]  ; No input delay, min/max delays, false-path exceptions, or max skew assignments found ;
; in_p10[4]  ; No input delay, min/max delays, false-path exceptions, or max skew assignments found ;
; in_p10[5]  ; No input delay, min/max delays, false-path exceptions, or max skew assignments found ;
; in_p10[6]  ; No input delay, min/max delays, false-path exceptions, or max skew assignments found ;
; in_p10[7]  ; No input delay, min/max delays, false-path exceptions, or max skew assignments found ;
; in_p10[8]  ; No input delay, min/max delays, false-path exceptions, or max skew assignments found ;
; in_p10[9]  ; No input delay, min/max delays, false-path exceptions, or max skew assignments found ;
; in_p10[10] ; No input delay, min/max delays, false-path exceptions, or max skew assignments found ;
; in_p10[11] ; No input delay, min/max delays, false-path exceptions, or max skew assignments found ;
; in_p10[12] ; No input delay, min/max delays, false-path exceptions, or max skew assignments found ;
; in_p10[13] ; No input delay, min/max delays, false-path exceptions, or max skew assignments found ;
; in_p10[14] ; No input delay, min/max delays, false-path exceptions, or max skew assignments found ;
; in_p10[15] ; No input delay, min/max delays, false-path exceptions, or max skew assignments found ;
; in_p10[16] ; No input delay, min/max delays, false-path exceptions, or max skew assignments found ;
; in_p10[17] ; No input delay, min/max delays, false-path exceptions, or max skew assignments found ;
; in_p10[18] ; No input delay, min/max delays, false-path exceptions, or max skew assignments found ;
; in_p10[19] ; No input delay, min/max delays, false-path exceptions, or max skew assignments found ;
; in_p10[20] ; No input delay, min/max delays, false-path exceptions, or max skew assignments found ;
; in_p10[21] ; No input delay, min/max delays, false-path exceptions, or max skew assignments found ;
; in_p10[22] ; No input delay, min/max delays, false-path exceptions, or max skew assignments found ;
; in_p10[23] ; No input delay, min/max delays, false-path exceptions, or max skew assignments found ;
; in_p10[24] ; No input delay, min/max delays, false-path exceptions, or max skew assignments found ;
; in_p10[25] ; No input delay, min/max delays, false-path exceptions, or max skew assignments found ;
; in_p10[26] ; No input delay, min/max delays, false-path exceptions, or max skew assignments found ;
; in_p10[27] ; No input delay, min/max delays, false-path exceptions, or max skew assignments found ;
; in_p10[28] ; No input delay, min/max delays, false-path exceptions, or max skew assignments found ;
; in_p10[29] ; No input delay, min/max delays, false-path exceptions, or max skew assignments found ;
; in_p10[30] ; No input delay, min/max delays, false-path exceptions, or max skew assignments found ;
; in_p11[0]  ; No input delay, min/max delays, false-path exceptions, or max skew assignments found ;
; in_p11[1]  ; No input delay, min/max delays, false-path exceptions, or max skew assignments found ;
; in_p11[2]  ; No input delay, min/max delays, false-path exceptions, or max skew assignments found ;
; in_p11[3]  ; No input delay, min/max delays, false-path exceptions, or max skew assignments found ;
; in_p11[4]  ; No input delay, min/max delays, false-path exceptions, or max skew assignments found ;
; in_p11[5]  ; No input delay, min/max delays, false-path exceptions, or max skew assignments found ;
; in_p11[6]  ; No input delay, min/max delays, false-path exceptions, or max skew assignments found ;
; in_p11[7]  ; No input delay, min/max delays, false-path exceptions, or max skew assignments found ;
; in_p11[8]  ; No input delay, min/max delays, false-path exceptions, or max skew assignments found ;
; in_p11[9]  ; No input delay, min/max delays, false-path exceptions, or max skew assignments found ;
; in_p11[10] ; No input delay, min/max delays, false-path exceptions, or max skew assignments found ;
; in_p11[11] ; No input delay, min/max delays, false-path exceptions, or max skew assignments found ;
; in_p11[12] ; No input delay, min/max delays, false-path exceptions, or max skew assignments found ;
; in_p11[13] ; No input delay, min/max delays, false-path exceptions, or max skew assignments found ;
; in_p11[14] ; No input delay, min/max delays, false-path exceptions, or max skew assignments found ;
; in_p11[15] ; No input delay, min/max delays, false-path exceptions, or max skew assignments found ;
; in_p11[16] ; No input delay, min/max delays, false-path exceptions, or max skew assignments found ;
; in_p11[17] ; No input delay, min/max delays, false-path exceptions, or max skew assignments found ;
; in_p11[18] ; No input delay, min/max delays, false-path exceptions, or max skew assignments found ;
; in_p11[19] ; No input delay, min/max delays, false-path exceptions, or max skew assignments found ;
; in_p11[20] ; No input delay, min/max delays, false-path exceptions, or max skew assignments found ;
; in_p11[21] ; No input delay, min/max delays, false-path exceptions, or max skew assignments found ;
; in_p11[22] ; No input delay, min/max delays, false-path exceptions, or max skew assignments found ;
; in_p11[23] ; No input delay, min/max delays, false-path exceptions, or max skew assignments found ;
; in_p11[24] ; No input delay, min/max delays, false-path exceptions, or max skew assignments found ;
; in_p11[25] ; No input delay, min/max delays, false-path exceptions, or max skew assignments found ;
; in_p11[26] ; No input delay, min/max delays, false-path exceptions, or max skew assignments found ;
; in_p11[27] ; No input delay, min/max delays, false-path exceptions, or max skew assignments found ;
; in_p11[28] ; No input delay, min/max delays, false-path exceptions, or max skew assignments found ;
; in_p11[29] ; No input delay, min/max delays, false-path exceptions, or max skew assignments found ;
; in_p12[0]  ; No input delay, min/max delays, false-path exceptions, or max skew assignments found ;
; in_p12[1]  ; No input delay, min/max delays, false-path exceptions, or max skew assignments found ;
; in_p12[2]  ; No input delay, min/max delays, false-path exceptions, or max skew assignments found ;
; in_p12[3]  ; No input delay, min/max delays, false-path exceptions, or max skew assignments found ;
; in_p12[4]  ; No input delay, min/max delays, false-path exceptions, or max skew assignments found ;
; in_p12[5]  ; No input delay, min/max delays, false-path exceptions, or max skew assignments found ;
; in_p12[6]  ; No input delay, min/max delays, false-path exceptions, or max skew assignments found ;
; in_p12[7]  ; No input delay, min/max delays, false-path exceptions, or max skew assignments found ;
; in_p12[8]  ; No input delay, min/max delays, false-path exceptions, or max skew assignments found ;
; in_p12[9]  ; No input delay, min/max delays, false-path exceptions, or max skew assignments found ;
; in_p12[10] ; No input delay, min/max delays, false-path exceptions, or max skew assignments found ;
; in_p12[11] ; No input delay, min/max delays, false-path exceptions, or max skew assignments found ;
; in_p12[12] ; No input delay, min/max delays, false-path exceptions, or max skew assignments found ;
; in_p12[13] ; No input delay, min/max delays, false-path exceptions, or max skew assignments found ;
; in_p12[14] ; No input delay, min/max delays, false-path exceptions, or max skew assignments found ;
; in_p12[15] ; No input delay, min/max delays, false-path exceptions, or max skew assignments found ;
; in_p12[16] ; No input delay, min/max delays, false-path exceptions, or max skew assignments found ;
; in_p12[17] ; No input delay, min/max delays, false-path exceptions, or max skew assignments found ;
; in_p12[18] ; No input delay, min/max delays, false-path exceptions, or max skew assignments found ;
; in_p12[19] ; No input delay, min/max delays, false-path exceptions, or max skew assignments found ;
; in_p12[20] ; No input delay, min/max delays, false-path exceptions, or max skew assignments found ;
; in_p12[21] ; No input delay, min/max delays, false-path exceptions, or max skew assignments found ;
; in_p12[22] ; No input delay, min/max delays, false-path exceptions, or max skew assignments found ;
; in_p12[23] ; No input delay, min/max delays, false-path exceptions, or max skew assignments found ;
; in_p12[24] ; No input delay, min/max delays, false-path exceptions, or max skew assignments found ;
; in_p12[25] ; No input delay, min/max delays, false-path exceptions, or max skew assignments found ;
; in_p12[26] ; No input delay, min/max delays, false-path exceptions, or max skew assignments found ;
; in_p12[27] ; No input delay, min/max delays, false-path exceptions, or max skew assignments found ;
; in_p12[28] ; No input delay, min/max delays, false-path exceptions, or max skew assignments found ;
; in_p12[29] ; No input delay, min/max delays, false-path exceptions, or max skew assignments found ;
; in_p12[30] ; No input delay, min/max delays, false-path exceptions, or max skew assignments found ;
; in_p20[0]  ; No input delay, min/max delays, false-path exceptions, or max skew assignments found ;
; in_p20[1]  ; No input delay, min/max delays, false-path exceptions, or max skew assignments found ;
; in_p20[2]  ; No input delay, min/max delays, false-path exceptions, or max skew assignments found ;
; in_p20[3]  ; No input delay, min/max delays, false-path exceptions, or max skew assignments found ;
; in_p20[4]  ; No input delay, min/max delays, false-path exceptions, or max skew assignments found ;
; in_p20[5]  ; No input delay, min/max delays, false-path exceptions, or max skew assignments found ;
; in_p20[6]  ; No input delay, min/max delays, false-path exceptions, or max skew assignments found ;
; in_p20[7]  ; No input delay, min/max delays, false-path exceptions, or max skew assignments found ;
; in_p20[8]  ; No input delay, min/max delays, false-path exceptions, or max skew assignments found ;
; in_p20[9]  ; No input delay, min/max delays, false-path exceptions, or max skew assignments found ;
; in_p20[10] ; No input delay, min/max delays, false-path exceptions, or max skew assignments found ;
; in_p20[11] ; No input delay, min/max delays, false-path exceptions, or max skew assignments found ;
; in_p20[12] ; No input delay, min/max delays, false-path exceptions, or max skew assignments found ;
; in_p20[13] ; No input delay, min/max delays, false-path exceptions, or max skew assignments found ;
; in_p20[14] ; No input delay, min/max delays, false-path exceptions, or max skew assignments found ;
; in_p20[15] ; No input delay, min/max delays, false-path exceptions, or max skew assignments found ;
; in_p20[16] ; No input delay, min/max delays, false-path exceptions, or max skew assignments found ;
; in_p20[17] ; No input delay, min/max delays, false-path exceptions, or max skew assignments found ;
; in_p20[18] ; No input delay, min/max delays, false-path exceptions, or max skew assignments found ;
; in_p20[19] ; No input delay, min/max delays, false-path exceptions, or max skew assignments found ;
; in_p20[20] ; No input delay, min/max delays, false-path exceptions, or max skew assignments found ;
; in_p20[21] ; No input delay, min/max delays, false-path exceptions, or max skew assignments found ;
; in_p20[22] ; No input delay, min/max delays, false-path exceptions, or max skew assignments found ;
; in_p20[23] ; No input delay, min/max delays, false-path exceptions, or max skew assignments found ;
; in_p20[24] ; No input delay, min/max delays, false-path exceptions, or max skew assignments found ;
; in_p20[25] ; No input delay, min/max delays, false-path exceptions, or max skew assignments found ;
; in_p20[26] ; No input delay, min/max delays, false-path exceptions, or max skew assignments found ;
; in_p20[27] ; No input delay, min/max delays, false-path exceptions, or max skew assignments found ;
; in_p20[28] ; No input delay, min/max delays, false-path exceptions, or max skew assignments found ;
; in_p20[29] ; No input delay, min/max delays, false-path exceptions, or max skew assignments found ;
; in_p20[30] ; No input delay, min/max delays, false-path exceptions, or max skew assignments found ;
; in_p20[31] ; No input delay, min/max delays, false-path exceptions, or max skew assignments found ;
; in_p21[0]  ; No input delay, min/max delays, false-path exceptions, or max skew assignments found ;
; in_p21[1]  ; No input delay, min/max delays, false-path exceptions, or max skew assignments found ;
; in_p21[2]  ; No input delay, min/max delays, false-path exceptions, or max skew assignments found ;
; in_p21[3]  ; No input delay, min/max delays, false-path exceptions, or max skew assignments found ;
; in_p21[4]  ; No input delay, min/max delays, false-path exceptions, or max skew assignments found ;
; in_p21[5]  ; No input delay, min/max delays, false-path exceptions, or max skew assignments found ;
; in_p21[6]  ; No input delay, min/max delays, false-path exceptions, or max skew assignments found ;
; in_p21[7]  ; No input delay, min/max delays, false-path exceptions, or max skew assignments found ;
; in_p21[8]  ; No input delay, min/max delays, false-path exceptions, or max skew assignments found ;
; in_p21[9]  ; No input delay, min/max delays, false-path exceptions, or max skew assignments found ;
; in_p21[10] ; No input delay, min/max delays, false-path exceptions, or max skew assignments found ;
; in_p21[11] ; No input delay, min/max delays, false-path exceptions, or max skew assignments found ;
; in_p21[12] ; No input delay, min/max delays, false-path exceptions, or max skew assignments found ;
; in_p21[13] ; No input delay, min/max delays, false-path exceptions, or max skew assignments found ;
; in_p21[14] ; No input delay, min/max delays, false-path exceptions, or max skew assignments found ;
; in_p21[15] ; No input delay, min/max delays, false-path exceptions, or max skew assignments found ;
; in_p21[16] ; No input delay, min/max delays, false-path exceptions, or max skew assignments found ;
; in_p21[17] ; No input delay, min/max delays, false-path exceptions, or max skew assignments found ;
; in_p21[18] ; No input delay, min/max delays, false-path exceptions, or max skew assignments found ;
; in_p21[19] ; No input delay, min/max delays, false-path exceptions, or max skew assignments found ;
; in_p21[20] ; No input delay, min/max delays, false-path exceptions, or max skew assignments found ;
; in_p21[21] ; No input delay, min/max delays, false-path exceptions, or max skew assignments found ;
; in_p21[22] ; No input delay, min/max delays, false-path exceptions, or max skew assignments found ;
; in_p21[23] ; No input delay, min/max delays, false-path exceptions, or max skew assignments found ;
; in_p21[24] ; No input delay, min/max delays, false-path exceptions, or max skew assignments found ;
; in_p21[25] ; No input delay, min/max delays, false-path exceptions, or max skew assignments found ;
; in_p21[26] ; No input delay, min/max delays, false-path exceptions, or max skew assignments found ;
; in_p21[27] ; No input delay, min/max delays, false-path exceptions, or max skew assignments found ;
; in_p21[28] ; No input delay, min/max delays, false-path exceptions, or max skew assignments found ;
; in_p21[29] ; No input delay, min/max delays, false-path exceptions, or max skew assignments found ;
; in_p21[30] ; No input delay, min/max delays, false-path exceptions, or max skew assignments found ;
; in_p22[0]  ; No input delay, min/max delays, false-path exceptions, or max skew assignments found ;
; in_p22[1]  ; No input delay, min/max delays, false-path exceptions, or max skew assignments found ;
; in_p22[2]  ; No input delay, min/max delays, false-path exceptions, or max skew assignments found ;
; in_p22[3]  ; No input delay, min/max delays, false-path exceptions, or max skew assignments found ;
; in_p22[4]  ; No input delay, min/max delays, false-path exceptions, or max skew assignments found ;
; in_p22[5]  ; No input delay, min/max delays, false-path exceptions, or max skew assignments found ;
; in_p22[6]  ; No input delay, min/max delays, false-path exceptions, or max skew assignments found ;
; in_p22[7]  ; No input delay, min/max delays, false-path exceptions, or max skew assignments found ;
; in_p22[8]  ; No input delay, min/max delays, false-path exceptions, or max skew assignments found ;
; in_p22[9]  ; No input delay, min/max delays, false-path exceptions, or max skew assignments found ;
; in_p22[10] ; No input delay, min/max delays, false-path exceptions, or max skew assignments found ;
; in_p22[11] ; No input delay, min/max delays, false-path exceptions, or max skew assignments found ;
; in_p22[12] ; No input delay, min/max delays, false-path exceptions, or max skew assignments found ;
; in_p22[13] ; No input delay, min/max delays, false-path exceptions, or max skew assignments found ;
; in_p22[14] ; No input delay, min/max delays, false-path exceptions, or max skew assignments found ;
; in_p22[15] ; No input delay, min/max delays, false-path exceptions, or max skew assignments found ;
; in_p22[16] ; No input delay, min/max delays, false-path exceptions, or max skew assignments found ;
; in_p22[17] ; No input delay, min/max delays, false-path exceptions, or max skew assignments found ;
; in_p22[18] ; No input delay, min/max delays, false-path exceptions, or max skew assignments found ;
; in_p22[19] ; No input delay, min/max delays, false-path exceptions, or max skew assignments found ;
; in_p22[20] ; No input delay, min/max delays, false-path exceptions, or max skew assignments found ;
; in_p22[21] ; No input delay, min/max delays, false-path exceptions, or max skew assignments found ;
; in_p22[22] ; No input delay, min/max delays, false-path exceptions, or max skew assignments found ;
; in_p22[23] ; No input delay, min/max delays, false-path exceptions, or max skew assignments found ;
; in_p22[24] ; No input delay, min/max delays, false-path exceptions, or max skew assignments found ;
; in_p22[25] ; No input delay, min/max delays, false-path exceptions, or max skew assignments found ;
; in_p22[26] ; No input delay, min/max delays, false-path exceptions, or max skew assignments found ;
; in_p22[27] ; No input delay, min/max delays, false-path exceptions, or max skew assignments found ;
; in_p22[28] ; No input delay, min/max delays, false-path exceptions, or max skew assignments found ;
; in_p22[29] ; No input delay, min/max delays, false-path exceptions, or max skew assignments found ;
; in_p22[30] ; No input delay, min/max delays, false-path exceptions, or max skew assignments found ;
; in_p22[31] ; No input delay, min/max delays, false-path exceptions, or max skew assignments found ;
; resetn     ; No input delay, min/max delays, false-path exceptions, or max skew assignments found ;
; valid_in   ; No input delay, min/max delays, false-path exceptions, or max skew assignments found ;
+------------+--------------------------------------------------------------------------------------+


+-----------------------------------------------------------------------------------------------------+
; Unconstrained Output Ports                                                                          ;
+-------------+---------------------------------------------------------------------------------------+
; Output Port ; Comment                                                                               ;
+-------------+---------------------------------------------------------------------------------------+
; out[0]      ; No output delay, min/max delays, false-path exceptions, or max skew assignments found ;
; out[1]      ; No output delay, min/max delays, false-path exceptions, or max skew assignments found ;
; out[2]      ; No output delay, min/max delays, false-path exceptions, or max skew assignments found ;
; out[3]      ; No output delay, min/max delays, false-path exceptions, or max skew assignments found ;
; out[4]      ; No output delay, min/max delays, false-path exceptions, or max skew assignments found ;
; out[5]      ; No output delay, min/max delays, false-path exceptions, or max skew assignments found ;
; out[6]      ; No output delay, min/max delays, false-path exceptions, or max skew assignments found ;
; out[7]      ; No output delay, min/max delays, false-path exceptions, or max skew assignments found ;
; out[8]      ; No output delay, min/max delays, false-path exceptions, or max skew assignments found ;
; out[9]      ; No output delay, min/max delays, false-path exceptions, or max skew assignments found ;
; out[10]     ; No output delay, min/max delays, false-path exceptions, or max skew assignments found ;
; out[11]     ; No output delay, min/max delays, false-path exceptions, or max skew assignments found ;
; out[12]     ; No output delay, min/max delays, false-path exceptions, or max skew assignments found ;
; out[13]     ; No output delay, min/max delays, false-path exceptions, or max skew assignments found ;
; out[14]     ; No output delay, min/max delays, false-path exceptions, or max skew assignments found ;
; out[15]     ; No output delay, min/max delays, false-path exceptions, or max skew assignments found ;
; out[16]     ; No output delay, min/max delays, false-path exceptions, or max skew assignments found ;
; out[17]     ; No output delay, min/max delays, false-path exceptions, or max skew assignments found ;
; out[18]     ; No output delay, min/max delays, false-path exceptions, or max skew assignments found ;
; out[19]     ; No output delay, min/max delays, false-path exceptions, or max skew assignments found ;
; out[20]     ; No output delay, min/max delays, false-path exceptions, or max skew assignments found ;
; out[21]     ; No output delay, min/max delays, false-path exceptions, or max skew assignments found ;
; out[22]     ; No output delay, min/max delays, false-path exceptions, or max skew assignments found ;
; out[23]     ; No output delay, min/max delays, false-path exceptions, or max skew assignments found ;
; out[24]     ; No output delay, min/max delays, false-path exceptions, or max skew assignments found ;
; out[25]     ; No output delay, min/max delays, false-path exceptions, or max skew assignments found ;
; out[26]     ; No output delay, min/max delays, false-path exceptions, or max skew assignments found ;
; out[27]     ; No output delay, min/max delays, false-path exceptions, or max skew assignments found ;
; out[28]     ; No output delay, min/max delays, false-path exceptions, or max skew assignments found ;
; out[29]     ; No output delay, min/max delays, false-path exceptions, or max skew assignments found ;
; out[30]     ; No output delay, min/max delays, false-path exceptions, or max skew assignments found ;
; out[31]     ; No output delay, min/max delays, false-path exceptions, or max skew assignments found ;
; valid_out   ; No output delay, min/max delays, false-path exceptions, or max skew assignments found ;
+-------------+---------------------------------------------------------------------------------------+


