Fitter Finalize Stage Report for dot16_original
Fri Apr 17 11:29:35 2026
Quartus Prime Version 19.2.0 Build 57 06/24/2019 Patches 0.01rc SJ Pro Edition


---------------------
; Table of Contents ;
---------------------
  1. Legal Notice
  2. Fitter HSLP Summary
  3. Finalize Messages



----------------
; Legal Notice ;
----------------
Copyright (C) 2019  Intel Corporation. All rights reserved.
Your use of Intel Corporation's design tools, logic functions 
and other software and tools, and any partner logic 
functions, and any output files from any of the foregoing 
(including device programming or simulation files), and any 
associated documentation or information are expressly subject 
to the terms and conditions of the Intel Program License 
Subscription Agreement, the Intel Quartus Prime License Agreement,
the Intel FPGA IP License Agreement, or other applicable license
agreement, including, without limitation, that your use is for
the sole purpose of programming logic devices manufactured by
Intel and sold by Intel or its authorized distributors.  Please
refer to the applicable agreement for further details, at
https://fpgasoftware.intel.com/eula.



+----------------------------------------------------------------------------------+
; Fitter HSLP Summary                                                              ;
+--------------------------------------------------------+-----------------+-------+
; Resource                                               ; Usage           ; %     ;
+--------------------------------------------------------+-----------------+-------+
;                                                        ;                 ;       ;
; Programmable power technology high-speed tiles         ; 111 / 18,244    ; < 1 % ;
; Programmable power technology low-power tiles          ; 18,133 / 18,244 ; 99 %  ;
;     -- low-power tiles that are used by the design     ; 39 / 18,133     ; < 1 % ;
;     -- unused tiles (low-power)                        ; 18,094 / 18,133 ; 100 % ;
;                                                        ;                 ;       ;
; Programmable power technology high-speed LAB tiles     ; 79 / 13,898     ; < 1 % ;
; Programmable power technology low-power LAB tiles      ; 13,819 / 13,898 ; 99 %  ;
;     -- low-power LAB tiles that are used by the design ; 39 / 13,819     ; < 1 % ;
;     -- unused LAB tiles (low-power)                    ; 13,780 / 13,819 ; 100 % ;
;                                                        ;                 ;       ;
+--------------------------------------------------------+-----------------+-------+


+-------------------+
; Finalize Messages ;
+-------------------+
Info: *******************************************************************
Info: Running Quartus Prime Fitter
    Info: Version 19.2.0 Build 57 06/24/2019 Patches 0.01rc SJ Pro Edition
    Info: Processing started: Fri Apr 17 11:21:36 2026
Info: Command: quartus_fit --read_settings_files=on --write_settings_files=off dot16_original -c dot16_original
Info: qfit2_default_script.tcl version: #1
Info: Project  = dot16_original
Info: Revision = dot16_original
Info (11888): Total time spent on timing analysis during Post-Routing is 0.00 seconds.
Info (16557): Fitter post-fit operations ending: elapsed time is 00:00:13


