------------------------------------------------------------
Timing Analyzer Summary
------------------------------------------------------------

Type  : Slow 900mV 100C Model Setup 'clk'
Slack : 1.227
TNS   : 0.000

Type  : Slow 900mV 100C Model Hold 'clk'
Slack : 0.117
TNS   : 0.000

Type  : Slow 900mV 100C Model Minimum Pulse Width 'clk'
Slack : 0.450
TNS   : 0.000

Type  : Slow 900mV 0C Model Setup 'clk'
Slack : 1.314
TNS   : 0.000

Type  : Slow 900mV 0C Model Hold 'clk'
Slack : 0.062
TNS   : 0.000

Type  : Slow 900mV 0C Model Minimum Pulse Width 'clk'
Slack : 0.450
TNS   : 0.000

Type  : Fast 900mV 100C Model Setup 'clk'
Slack : 1.458
TNS   : 0.000

Type  : Fast 900mV 100C Model Hold 'clk'
Slack : 0.117
TNS   : 0.000

Type  : Fast 900mV 100C Model Minimum Pulse Width 'clk'
Slack : 0.450
TNS   : 0.000

Type  : Fast 900mV 0C Model Setup 'clk'
Slack : 1.587
TNS   : 0.000

Type  : Fast 900mV 0C Model Hold 'clk'
Slack : 0.084
TNS   : 0.000

Type  : Fast 900mV 0C Model Minimum Pulse Width 'clk'
Slack : 0.450
TNS   : 0.000

------------------------------------------------------------
